Running
Running
Running
Running
Running
^*.ais://$BUCKET_1*.created$
^PUT.*=> ais://$BUCKET_1/object_1.txt$

communication_type: hpush://
arg_type:
Hello World!
^ETL\[etl.*\]stopped$
Aborted
^ETL\[etl.*\]started successfully$
Hello World!
ais://$BUCKET_1/object_2.txt
^ETL\[etl.*\]stopped$
^ETL\[etl.*\] successfully deleted$
communication_type: hpush://
arg_type:
Hello World!
^ETL\[etl.*\]stopped$
^ETL\[etl.*\] successfully deleted$
communication_type: hpush://
arg_type:
05967d5390ac53b0
^ETL\[etl.*\]stopped$
^ETL\[etl.*\] successfully deleted$
communication_type: hpush://
arg_type:
^ETL\[etl.*\]: .*/object_1.txt => .*/transformed_object.txt$
^ETL\[etl.*\]: .*/object_1.txt => .*/object_1.txt$
5328b3c272b5aab0
aecb71fa663c6460
^ETL\[etl.*\]stopped$
^ETL\[etl.*\] successfully deleted$
^ETL\[etl.*\]stopped$
^ETL\[etl.*\] successfully deleted$
Running
Running
^ETL\[etl.*\] successfully deleted$
^ETL\[etl.*\] successfully deleted$
Running
Running
^ETL\[etl.*\] successfully deleted$
^ETL\[etl.*\] successfully deleted$
