Running
Running
communication_type: hpush://
communication_type: hpush://