Running
Running
"ais://$BUCKET_1" created
test data for pipeline
Hello World!
deef1ef9e62293f5f5cc11fcd4dc124c
Testing ETL pipeline with object operations...
ed076287532e86365e841e92bfc50d8c
ed076287532e86365e841e92bfc50d8c
ed076287532e86365e841e92bfc50d8c
Hello World!
Hello World!